############################################
# measuring arm TAG=F3
############################################
-- server pid: 3934297
SGLANG_PP_EARLY_PROXY_SEND=0

== [1/4] greedy capture x2 (within-instance determinism) ==
  captured F31
  captured F32
[0] IDENTICAL (94 chars)
[1] IDENTICAL (183 chars)
[2] IDENTICAL (198 chars)
[3] IDENTICAL (152 chars)
[4] IDENTICAL (141 chars)
[5] IDENTICAL (217 chars)

PARITY OK: all 6 prompts byte-identical
  within-instance determinism: OK

== [2/4] decode probe (1,2,4,8 x 3 rounds, interleaved) ==
  round 2 bs=1    9.53s   256 tok     26.9 tok/s agg     37.2 ms/tok/req
  round 2 bs=2    5.82s   217 tok     37.3 tok/s agg     53.6 ms/tok/req
  round 2 bs=4   13.31s   890 tok     66.9 tok/s agg     59.8 ms/tok/req
  round 2 bs=8   15.47s  1618 tok    104.6 tok/s agg     76.5 ms/tok/req

  bs    median       min       max   spread
   1      26.7      26.3      26.9     2.3%
   2      42.3      37.3      42.7    12.8%
   4      67.7      66.9      68.3     2.1%
   8     117.9     104.6     122.7    15.3%

decode-graph usage during measurement: 100.0% of 774 Decode batch lines

wrote res/dec_F3.json

== [3/4] prefill concurrency probe (lens 1000,4000 x K 1,2,4,8) ==
=== aggregate prefill throughput (tok/s), median of rounds ===
  prompt         K=1         K=2         K=4         K=8
    1000       828.0      1084.4      1307.2      1448.6
    4000      1300.2      1437.1      1524.4      1578.4

=== speedup over K=1 (does concurrency still pay?) ===
    1000       1.00x       1.31x       1.58x       1.75x

== [4/4] graph coverage during this arm ==
   3760 cuda graph: False
   1288 cuda graph: True
   3760 #running-req: 0
    492 #running-req: 1
    796 #running-req: 2

MEASURE_DONE tag=F3
