############################################
# measuring arm TAG=A
############################################
-- server pid: 2695251
SGLANG_PP_EARLY_PROXY_SEND=0

== [1/4] greedy capture x2 (within-instance determinism) ==
  captured A1
  captured A2
[0] IDENTICAL (94 chars)
[1] IDENTICAL (183 chars)
[2] IDENTICAL (198 chars)
[3] IDENTICAL (152 chars)
[4] IDENTICAL (141 chars)
[5] IDENTICAL (217 chars)

PARITY OK: all 6 prompts byte-identical
  within-instance determinism: OK

== [2/4] decode probe (1,2,4,8 x 3 rounds, interleaved) ==
  round 2 bs=1    9.74s   256 tok     26.3 tok/s agg     38.0 ms/tok/req
  round 2 bs=2    6.35s   217 tok     34.2 tok/s agg     58.6 ms/tok/req
  round 2 bs=4   13.13s   921 tok     70.1 tok/s agg     57.0 ms/tok/req
  round 2 bs=8   16.05s  1848 tok    115.1 tok/s agg     69.5 ms/tok/req

  bs    median       min       max   spread
   1      26.7      26.3      26.8     2.0%
   2      41.6      34.2      42.2    19.4%
   4      70.4      70.1      73.4     4.6%
   8     107.3     104.1     115.1    10.3%

decode-graph usage during measurement: 100.0% of 711 Decode batch lines

wrote res/dec_A.json

== [3/4] prefill concurrency probe (lens 1000,4000 x K 1,2,4,8) ==
=== aggregate prefill throughput (tok/s), median of rounds ===
  prompt         K=1         K=2         K=4         K=8
    1000       795.5      1035.3      1209.8      1326.9
    4000      1207.4      1327.3      1398.1      1435.5

=== speedup over K=1 (does concurrency still pay?) ===
    1000       1.00x       1.30x       1.52x       1.67x

== [4/4] graph coverage during this arm ==
   3740 cuda graph: False
   1208 cuda graph: True
   3740 #running-req: 0
    632 #running-req: 1
    576 #running-req: 2

MEASURE_DONE tag=A
